// Jest Snapshot v1, https://goo.gl/fbAQLP

exports[`Tests in <FirstApp /> should match snapshot 1`] = `
<div>
  <h1
    data-testid="test-title"
  >
    Hi, my name is Andres
  </h1>
  <p>
    No hay subt√≠tulo
  </p>
  <p>
    Fernando Herrera
  </p>
</div>
`;
